2026/08/24 18:19:58 engine=elasticsearch n=1000000 queries=81
2026/08/24 18:21:04 built in 66.0s, index 478000239 bytes
2026/08/24 18:21:06   common  supported=true recall@10=-1.000 mrr@10=-1.000 p50=6.33ms p99=31.73ms qps=846
2026/08/24 18:21:07   rare    supported=true recall@10=1.000 mrr@10=1.000 p50=3.93ms p99=10.61ms qps=1755
2026/08/24 18:21:08   and     supported=true recall@10=1.000 mrr@10=1.000 p50=3.95ms p99=10.48ms qps=1745
2026/08/24 18:21:09   phrase  supported=true recall@10=1.000 mrr@10=1.000 p50=3.80ms p99=15.33ms qps=1692
2026/08/24 18:21:11   typo    supported=true recall@10=1.000 mrr@10=1.000 p50=8.35ms p99=20.14ms qps=853
{
  "engine": "elasticsearch",
  "corpus_size": 1000000,
  "index_build_seconds": 65.95773525,
  "index_bytes": 478000239,
  "shapes": [
    {
      "shape": "common",
      "supported": true,
      "recall_at_10": -1,
      "mrr_at_10": -1,
      "p50_ms": 6.333,
      "p95_ms": 18.978,
      "p99_ms": 31.727,
      "max_ms": 197.025,
      "qps": 846.3327445119021,
      "samples": 1200,
      "concurrency": 8
    },
    {
      "shape": "rare",
      "supported": true,
      "recall_at_10": 1,
      "mrr_at_10": 1,
      "p50_ms": 3.933,
      "p95_ms": 8.186,
      "p99_ms": 10.606,
      "max_ms": 20.68,
      "qps": 1755.1763100272876,
      "samples": 1200,
      "concurrency": 8
    },
    {
      "shape": "and",
      "supported": true,
      "recall_at_10": 1,
      "mrr_at_10": 1,
      "p50_ms": 3.946,
      "p95_ms": 7.741,
      "p99_ms": 10.481,
      "max_ms": 14.891,
      "qps": 1744.6609848195449,
      "samples": 1200,
      "concurrency": 8
    },
    {
      "shape": "phrase",
      "supported": true,
      "recall_at_10": 1,
      "mrr_at_10": 1,
      "p50_ms": 3.801,
      "p95_ms": 9.267,
      "p99_ms": 15.329,
      "max_ms": 26.688,
      "qps": 1692.2830107938987,
      "samples": 1200,
      "concurrency": 8
    },
    {
      "shape": "typo",
      "supported": true,
      "recall_at_10": 1,
      "mrr_at_10": 1,
      "p50_ms": 8.353,
      "p95_ms": 15.506,
      "p99_ms": 20.14,
      "max_ms": 29.567,
      "qps": 852.5060105776431,
      "samples": 1200,
      "concurrency": 8
    }
  ]
}
Filesystem      Size    Used   Avail Capacity iused ifree %iused  Mounted on
/dev/disk3s5   460Gi   402Gi    19Gi    96%    6.2M  198M    3%   /System/Volumes/Data
