2026/08/24 09:27:06 engine=elasticsearch n=100000 queries=81
2026/08/24 09:27:11 built in 5.581s, index 49225401 bytes
2026/08/24 09:27:13   common  supported=true recall@10=-1.000 mrr@10=-1.000 p50=6.34ms p99=17.43ms qps=1090
2026/08/24 09:27:14   rare    supported=true recall@10=1.000 mrr@10=1.000 p50=4.31ms p99=14.44ms qps=1567
2026/08/24 09:27:15   and     supported=true recall@10=1.000 mrr@10=1.000 p50=3.96ms p99=9.46ms qps=1816
2026/08/24 09:27:16   phrase  supported=true recall@10=1.000 mrr@10=1.000 p50=3.22ms p99=12.10ms qps=1999
2026/08/24 09:27:19   typo    supported=true recall@10=1.000 mrr@10=1.000 p50=9.52ms p99=27.20ms qps=743
{
  "engine": "elasticsearch",
  "corpus_size": 100000,
  "index_build_seconds": 5.580677,
  "index_bytes": 49225401,
  "shapes": [
    {
      "shape": "common",
      "supported": true,
      "recall_at_10": -1,
      "mrr_at_10": -1,
      "p50_ms": 6.338,
      "p95_ms": 13.561,
      "p99_ms": 17.434,
      "max_ms": 30.104,
      "qps": 1090.4598551538902,
      "samples": 1200,
      "concurrency": 8
    },
    {
      "shape": "rare",
      "supported": true,
      "recall_at_10": 1,
      "mrr_at_10": 1,
      "p50_ms": 4.314,
      "p95_ms": 9.746,
      "p99_ms": 14.435,
      "max_ms": 29.446,
      "qps": 1567.2829680421207,
      "samples": 1200,
      "concurrency": 8
    },
    {
      "shape": "and",
      "supported": true,
      "recall_at_10": 1,
      "mrr_at_10": 1,
      "p50_ms": 3.96,
      "p95_ms": 7.794,
      "p99_ms": 9.456,
      "max_ms": 14.253,
      "qps": 1815.627444940939,
      "samples": 1200,
      "concurrency": 8
    },
    {
      "shape": "phrase",
      "supported": true,
      "recall_at_10": 1,
      "mrr_at_10": 1,
      "p50_ms": 3.22,
      "p95_ms": 8.229,
      "p99_ms": 12.099,
      "max_ms": 16.065,
      "qps": 1999.4613917551603,
      "samples": 1200,
      "concurrency": 8
    },
    {
      "shape": "typo",
      "supported": true,
      "recall_at_10": 1,
      "mrr_at_10": 1,
      "p50_ms": 9.515,
      "p95_ms": 18.628,
      "p99_ms": 27.196,
      "max_ms": 34.357,
      "qps": 742.5347220466866,
      "samples": 1200,
      "concurrency": 8
    }
  ]
}
Filesystem      Size    Used   Avail Capacity iused ifree %iused  Mounted on
/dev/disk3s5   460Gi   398Gi    23Gi    95%    5.9M  237M    2%   /System/Volumes/Data
