2026/08/24 09:27:28 engine=meilisearch n=100000 queries=81
2026/08/24 09:27:55 built in 27.033s, index 962859008 bytes
2026/08/24 09:27:55   common  supported=true recall@10=-1.000 mrr@10=-1.000 p50=1.54ms p99=4.25ms qps=4480
2026/08/24 09:27:56   rare    supported=true recall@10=1.000 mrr@10=1.000 p50=1.40ms p99=15.26ms qps=3951
2026/08/24 09:27:56   and     supported=true recall@10=1.000 mrr@10=1.000 p50=2.22ms p99=7.89ms qps=3046
2026/08/24 09:27:57   phrase  supported=true recall@10=1.000 mrr@10=1.000 p50=1.14ms p99=3.16ms qps=5994
2026/08/24 09:27:57   typo    supported=true recall@10=1.000 mrr@10=1.000 p50=1.50ms p99=4.00ms qps=4526
{
  "engine": "meilisearch",
  "corpus_size": 100000,
  "index_build_seconds": 27.032985458,
  "index_bytes": 962859008,
  "shapes": [
    {
      "shape": "common",
      "supported": true,
      "recall_at_10": -1,
      "mrr_at_10": -1,
      "p50_ms": 1.544,
      "p95_ms": 2.793,
      "p99_ms": 4.249,
      "max_ms": 6.932,
      "qps": 4479.77242756068,
      "samples": 1200,
      "concurrency": 8
    },
    {
      "shape": "rare",
      "supported": true,
      "recall_at_10": 1,
      "mrr_at_10": 1,
      "p50_ms": 1.4,
      "p95_ms": 3.013,
      "p99_ms": 15.258,
      "max_ms": 55.515,
      "qps": 3950.5603828751437,
      "samples": 1200,
      "concurrency": 8
    },
    {
      "shape": "and",
      "supported": true,
      "recall_at_10": 1,
      "mrr_at_10": 1,
      "p50_ms": 2.217,
      "p95_ms": 4.59,
      "p99_ms": 7.895,
      "max_ms": 16.858,
      "qps": 3046.036400596969,
      "samples": 1200,
      "concurrency": 8
    },
    {
      "shape": "phrase",
      "supported": true,
      "recall_at_10": 1,
      "mrr_at_10": 1,
      "p50_ms": 1.138,
      "p95_ms": 2.184,
      "p99_ms": 3.158,
      "max_ms": 4.027,
      "qps": 5994.382783780974,
      "samples": 1200,
      "concurrency": 8
    },
    {
      "shape": "typo",
      "supported": true,
      "recall_at_10": 1,
      "mrr_at_10": 1,
      "p50_ms": 1.505,
      "p95_ms": 3.043,
      "p99_ms": 3.996,
      "max_ms": 5.358,
      "qps": 4525.528216164963,
      "samples": 1200,
      "concurrency": 8
    }
  ]
}
Filesystem      Size    Used   Avail Capacity iused ifree %iused  Mounted on
/dev/disk3s5   460Gi   400Gi    22Gi    95%    5.9M  227M    3%   /System/Volumes/Data
