2026/08/24 09:26:12 engine=postgres n=100000 queries=81
2026/08/24 09:26:20 built in 7.745s, index 199286784 bytes
2026/08/24 09:26:40   common  supported=true recall@10=-1.000 mrr@10=-1.000 p50=89.88ms p99=185.79ms qps=81
2026/08/24 09:26:40   rare    supported=true recall@10=1.000 mrr@10=1.000 p50=1.21ms p99=9.69ms qps=4990
2026/08/24 09:26:40   and     supported=true recall@10=1.000 mrr@10=1.000 p50=1.36ms p99=10.62ms qps=4614
2026/08/24 09:26:41   phrase  supported=true recall@10=1.000 mrr@10=1.000 p50=1.40ms p99=9.29ms qps=4162
2026/08/24 09:26:41   typo    supported=false recall@10=-1.000 mrr@10=-1.000 p50=0.00ms p99=0.00ms qps=0
{
  "engine": "postgres",
  "corpus_size": 100000,
  "index_build_seconds": 7.744777958,
  "index_bytes": 199286784,
  "shapes": [
    {
      "shape": "common",
      "supported": true,
      "recall_at_10": -1,
      "mrr_at_10": -1,
      "p50_ms": 89.882,
      "p95_ms": 148.561,
      "p99_ms": 185.795,
      "max_ms": 233.874,
      "qps": 81.01801909103538,
      "samples": 1200,
      "concurrency": 8
    },
    {
      "shape": "rare",
      "supported": true,
      "recall_at_10": 1,
      "mrr_at_10": 1,
      "p50_ms": 1.211,
      "p95_ms": 2.343,
      "p99_ms": 9.69,
      "max_ms": 16.343,
      "qps": 4989.632665987428,
      "samples": 1200,
      "concurrency": 8
    },
    {
      "shape": "and",
      "supported": true,
      "recall_at_10": 1,
      "mrr_at_10": 1,
      "p50_ms": 1.356,
      "p95_ms": 2.789,
      "p99_ms": 10.618,
      "max_ms": 15.033,
      "qps": 4614.021118905273,
      "samples": 1200,
      "concurrency": 8
    },
    {
      "shape": "phrase",
      "supported": true,
      "recall_at_10": 1,
      "mrr_at_10": 1,
      "p50_ms": 1.401,
      "p95_ms": 3.187,
      "p99_ms": 9.287,
      "max_ms": 11.398,
      "qps": 4161.973016049112,
      "samples": 1200,
      "concurrency": 8
    },
    {
      "shape": "typo",
      "supported": false,
      "recall_at_10": -1,
      "mrr_at_10": -1,
      "p50_ms": 0,
      "p95_ms": 0,
      "p99_ms": 0,
      "max_ms": 0,
      "qps": 0,
      "samples": 0,
      "concurrency": 8
    }
  ]
}
Filesystem      Size    Used   Avail Capacity iused ifree %iused  Mounted on
/dev/disk3s5   460Gi   399Gi    23Gi    95%    5.9M  237M    2%   /System/Volumes/Data
